---
source: src/runhaven/cli/tui/tests.rs
expression: snapshot
---
┌──────────────────────────────────────────────────────────────────────────────┐
│                                Confirm Launch                                │
└──────────────────────────────────────────────────────────────────────────────┘
1 agent > 2 workspace > 3 review > [4 confirm]
┌ Launch ──────────────────────────────────────────────────────────────────────┐
│Workspace folder: /workspace                                                  │
│Network: provider                                                             │
│Online access: provider allowlist egress through runtime proxy:               │
│api.openai.com                                                                │
│                                                                              │
│Command: runhaven run codex --workspace /workspace --network provider         │
│                                                                              │
│This plan has safety notes. Type run to launch.                               │
│confirm: ru                                                                   │
│                                                                              │
│                                                                              │
│                                                                              │
│                                                                              │
│                                                                              │
│                                                                              │
│                                                                              │
└──────────────────────────────────────────────────────────────────────────────┘
                       type run · enter launch · esc back
                    RunHaven shows the command before launch.
