---
source: src/runhaven/cli/tui/tests.rs
expression: snapshot
---
┌──────────────────────────────────────────────────────────────────────────────┐
│                               Choose Workspace                               │
└──────────────────────────────────────────────────────────────────────────────┘
1 agent > [2 workspace] > 3 review > 4 confirm
┌ Workspace ───────────────────────────────────────────────────────────────────┐
│filter or type a path:                                                        │
└──────────────────────────────────────────────────────────────────────────────┘
┌ Matches ─────────────────────────────────────────────────────────────────────┐
│> Current folder    /workspace                                                │
│  Parent folder     /                                                         │
│                                                                              │
│                                                                              │
│                                                                              │
│                                                                              │
│                                                                              │
│                                                                              │
│                                                                              │
│                                                                              │
│                                                                              │
│                                                                              │
│                                                                              │
└──────────────────────────────────────────────────────────────────────────────┘
   type filter/path · up/down move · enter choose · backspace edit · esc back
               RunHaven shows the exact CLI command before launch.
