---
source: src/runhaven/cli/tui/tests.rs
expression: snapshot
---
┌──────────────────────────────────────────────────────────────────────────────┐
│                                Confirm Launch                                │
└──────────────────────────────────────────────────────────────────────────────┘
1 agent > 2 workspace > 3 review > [4 confirm]
┌ Launch ──────────────────────────────────────────────────────────────────────┐
│Mount: /workspace -> /workspace                                               │
│Network: provider                                                             │
│Egress: provider allowlist egress through runtime proxy: api.openai.com       │
│                                                                              │
│CLI: runhaven run codex --workspace /workspace --network provider             │
│                                                                              │
│This plan has security notices. Type run to launch.                           │
│confirm: ru                                                                   │
│                                                                              │
│                                                                              │
│                                                                              │
│                                                                              │
│                                                                              │
│                                                                              │
│                                                                              │
│                                                                              │
└──────────────────────────────────────────────────────────────────────────────┘
                       type run · enter launch · esc back
               RunHaven shows the exact CLI command before launch.
