---
source: src/runhaven/cli/tui/tests.rs
expression: snapshot
---
┌──────────────────────────────────────────────────────────────────────────────┐
│                                  Review Plan                                 │
└──────────────────────────────────────────────────────────────────────────────┘
1 agent > 2 workspace > [3 review] > 4 confirm
┌ Boundary ────────────────────────────────────────────────────────────────────┐
│Workspace folder: /workspace                                                  │
│Agent saved state: runhaven-codex-shared-home                                 │
│Network: provider                                                             │
│Online access: provider allowlist egress through runtime proxy:               │
│api.openai.com                                                                │
│Allowed provider hosts: api.openai.com                                        │
│RunHaven will not open: your home folder, cloud credentials, raw SSH keys,    │
│or browser profiles.                                                          │
│                                                                              │
│Command: runhaven run codex --workspace /workspace --network provider         │
│                                                                              │
│                                                                              │
│                                                                              │
│                                                                              │
│                                                                              │
│                                                                              │
└──────────────────────────────────────────────────────────────────────────────┘
                 enter confirm · w workspace · esc back · q quit
                    RunHaven shows the command before launch.
