---
source: src/runhaven/cli/tui/tests.rs
expression: snapshot
---
┌──────────────────────────────────────────────────────────────────────────────┐
│                                  antigravity                                 │
└──────────────────────────────────────────────────────────────────────────────┘
┌ Agent ───────────────────────────────────────────────────────────────────────┐
│Google Antigravity CLI with project-scoped home state.                        │
│                                                                              │
│image:           runhaven/antigravity:0.1.0                                   │
│sign-in:         runhaven login                                               │
│network:         provider                                                     │
│api-key broker:  no                                                           │
│                                                                              │
│                                                                              │
│                                                                              │
│                                                                              │
│                                                                              │
│                                                                              │
│                                                                              │
│                                                                              │
│                                                                              │
│                                                                              │
│                                                                              │
└──────────────────────────────────────────────────────────────────────────────┘
                 enter review · d dashboard · esc back · q quit
                    RunHaven shows the command before launch.
