---
source: src/runhaven/cli/tui/tests.rs
assertion_line: 555
expression: snapshot
---
┌──────────────────────────────────────────────────────────────────────────────┐
│                                  Run History                                 │
└──────────────────────────────────────────────────────────────────────────────┘
┌ Records ─────────────────────────────────────────────────────────────────────┐
│> 2026-06-27T00:00:00Z  codex succeeded return=0 denied=1/0 /Users/example/pr.│
│                                                                              │
│                                                                              │
│                                                                              │
│                                                                              │
│                                                                              │
│                                                                              │
└──────────────────────────────────────────────────────────────────────────────┘
┌ Summary ─────────────────────────────────────────────────────────────────────┐
│Run: run-20260627                                                             │
│Profile/status: codex succeeded return=0                                      │
│Network: provider cleanup=removed                                             │
│Provider denied: 1  auth denied: 0                                            │
│Workspace: /Users/example/project                                             │
│Git: changed=true before=1111111 after=2222222 files=2                        │
│Press enter to review the recorded diff for this run.                         │
│                                                                              │
└──────────────────────────────────────────────────────────────────────────────┘
       up/down select | enter diff | r refresh | g diagnostics | esc home
            Run history is loaded from secret-free RunHaven records.
