---
source: src/runhaven/cli/tui/tests.rs
expression: snapshot
---
┌──────────────────────────────────────────────────────────────────────────────┐
│                                  Review Plan                                 │
└──────────────────────────────────────────────────────────────────────────────┘
1 agent > 2 workspace > [3 review] > 4 confirm
┌ Boundary ────────────────────────────────────────────────────────────────────┐
│Workspace mount: /workspace -> /workspace                                     │
│Agent home state: runhaven-codex-shared-home -> /home/agent                   │
│Network mode: provider                                                        │
│Egress: provider allowlist egress through runtime proxy: api.openai.com       │
│Provider hosts: api.openai.com                                                │
│Will not mount: host home, cloud credential folders, raw SSH keys, browser    │
│profiles.                                                                     │
│                                                                              │
│CLI: runhaven run codex --workspace /workspace --network provider             │
│                                                                              │
│                                                                              │
│                                                                              │
│                                                                              │
│                                                                              │
│                                                                              │
│                                                                              │
└──────────────────────────────────────────────────────────────────────────────┘
                 enter confirm · w workspace · esc back · q quit
               RunHaven shows the exact CLI command before launch.
